PLUS
MINUS
TIMES
DIVIDE
FPLUS
FMINUS
FTIMES
FDIVIDE 