Expr(Binop(Num_Lit(1), Add, Num_Lit(5.4)));
Expr(Binop(Num_Lit(1), Sub, Num_Lit(5.4)));
Expr(Binop(Num_Lit(1), Mult, Num_Lit(5.4)));
Expr(Binop(Num_Lit(1), Div, Num_Lit(5.4)));
Expr(Unop(Sub, Num_Lit(42)));
Expr(Binop(Num_Lit(1), Add, Unop(Sub, Num_Lit(43))));
Expr(Binop(Binop(Num_Lit(1), Mult, Num_Lit(2)), Add, Binop(Num_Lit(3), Mult, Num_Lit(4))));
Expr(Binop(Binop(Num_Lit(1), Add, Num_Lit(2)), Sub, Binop(Num_Lit(3), Div, Num_Lit(4))));
Expr(Binop(Binop(Num_Lit(1), Mult, Num_Lit(2)), Add, Num_Lit(3)));
