Func(int func (Formal(int, a), Formal(int, b)) {Var_dec(Local(int, c, Num_Lit(0)));
Return(Binop(Binop(Id(a), Add, Id(b)), Add, Id(c)));})
Expr(Call(func, [Num_Lit(1), Num_Lit(2)]));
Expr(Call(func, [Id(a), Id(b)]));